// Jest Snapshot v1, https://goo.gl/fbAQLP

exports[`Billing Billing 1`] = `
<div>
  <div
    class="Layout--vertical Layout--layout-spacing-large StyledProps--main StyledProps--padding-bottom-large"
  >
    <div
      class="Layout--vertical StyledProps--main billingHeader StyledProps--padding-top-large StyledProps--padding-bottom-large"
    >
      <p
        class="StyledProps--font StyledProps--main StyledProps--padding-bottom-large StyledProps--font-variation-body1 StyledProps--font-weight-bold"
      >
        common.subscriptions.tabs.billing
      </p>
      <div
        class="Layout--horizontal StyledProps--main StyledProps--flex StyledProps--flex-alignItems-center StyledProps--flex-justifyContent-start"
      >
        <div
          class="PillToggle--optionBtns"
        >
          <div
            class="PillToggle--item PillToggle--selected"
            data-name="toggle-option-one"
            role="button"
            tabindex="0"
          >
            Yearly
          </div>
          <div
            class="PillToggle--item"
            data-name="toggle-option-two"
            role="button"
            tabindex="0"
          >
            Monthly
          </div>
        </div>
      </div>
    </div>
    <div
      class="Layout--horizontal StyledProps--main equation StyledProps--flex StyledProps--flex-alignItems-start StyledProps--flex-justifyContent-left"
    >
      <div
        class="Layout--vertical Layout--layout-spacing-xsmall StyledProps--main StyledProps--padding-right-large"
      >
        <p
          class="StyledProps--font StyledProps--main"
        >
          authSettings.costCalculator.developerLicenses common.subtotal
        </p>
        <div
          class="Layout--horizontal Layout--layout-spacing-xsmall StyledProps--main StyledProps--flex StyledProps--flex-justifyContent-flex-start StyledProps--flex-alignItems-baseline"
        >
          <p
            class="StyledProps--font StyledProps--main StyledProps--font-size-medium"
          >
            $17,550.00
          </p>
          <p
            class="StyledProps--font StyledProps--main StyledProps--font-size-medium"
          >
            common.perMonth
          </p>
        </div>
        <p
          class="StyledProps--font StyledProps--main StyledProps--font-size-xsmall"
        >
          $210,600.00 authSettings.billedAnnually
        </p>
        <p
          class="StyledProps--font StyledProps--main StyledProps--font-size-xsmall"
        >
          234
          authSettings.unitPrice$75.00common.perMonth
        </p>
      </div>
      <p
        class="StyledProps--font StyledProps--main StyledProps--padding-right-large StyledProps--padding-top-medium StyledProps--font-size-large"
      >
        +
      </p>
      <div
        class="Layout--vertical Layout--layout-spacing-xsmall StyledProps--main StyledProps--padding-right-large"
      >
        <p
          class="StyledProps--font StyledProps--main"
        >
          authSettings.costCalculator.maus common.subtotal
        </p>
        <div
          class="Layout--horizontal Layout--layout-spacing-xsmall StyledProps--main StyledProps--flex StyledProps--flex-justifyContent-flex-start StyledProps--flex-alignItems-baseline"
        >
          <p
            class="StyledProps--font StyledProps--main StyledProps--font-size-medium"
          >
            $3,400.00
          </p>
          <p
            class="StyledProps--font StyledProps--main StyledProps--font-size-medium"
          >
            common.perMonth
          </p>
        </div>
        <p
          class="StyledProps--font StyledProps--main StyledProps--font-size-xsmall"
        >
           
          $40,800.00 authSettings.billedAnnually
        </p>
        <p
          class="StyledProps--font StyledProps--main StyledProps--font-size-xsmall"
        >
          34
          authSettings.unitPrice$100.00common.perMonth
        </p>
        <p
          class="StyledProps--font StyledProps--main StyledProps--font-size-xsmall"
        >
          authSettings.firstIncludedFree
        </p>
      </div>
      <p
        class="StyledProps--font StyledProps--main StyledProps--padding-right-large StyledProps--padding-top-medium StyledProps--font-size-large"
      >
        =
      </p>
      <div
        class="Layout--vertical Layout--layout-spacing-xsmall StyledProps--main"
      >
        <p
          class="StyledProps--font StyledProps--main"
        >
          authSettings.yearlySubscriptionTotal
        </p>
        <p
          class="StyledProps--font StyledProps--main StyledProps--font-size-medium"
        >
          $20,950.00
          common.perMonth
        </p>
        <p
          class="StyledProps--font StyledProps--main StyledProps--font-size-xsmall"
        >
          $251,400.00 authSettings.billedAnnually
        </p>
        <p
          class="StyledProps--font StyledProps--main StyledProps--font-size-xsmall"
        >
          authSettings.autoRenewal
        </p>
      </div>
    </div>
    <div
      class="StyledProps--font StyledProps--main premSupport"
    >
      <div
        class="Layout--horizontal StyledProps--main"
      >
        <label
          class="bp3-control bp3-checkbox StyledProps--font Checkbox--checkbox checkbox StyledProps--main"
        >
          <input
            checked=""
            size="12"
            type="checkbox"
          />
          <span
            class="bp3-control-indicator"
          />
        </label>
        <div
          class="Layout--horizontal StyledProps--main StyledProps--flex StyledProps--flex-justifyContent-space-between StyledProps--flex-alignItems-start StyledProps--padding-top-xsmall"
          style="width: 90%;"
        >
          <div
            class="Layout--vertical StyledProps--main"
          >
            <div
              class="Layout--horizontal Layout--layout-spacing-small StyledProps--main StyledProps--flex StyledProps--flex-alignItems-start"
            >
              <p
                class="StyledProps--font StyledProps--main crownLabel StyledProps--padding-bottom-xsmall StyledProps--font-variation-small"
                style="display: flex; align-items: center;"
              >
                <span
                  class="bp3-icon bp3-icon-crown StyledProps--main Text--icon StyledProps--padding-right-xsmall StyledProps--color StyledProps--color-orange700"
                  icon="crown"
                >
                  <svg
                    data-icon="crown"
                    height="16"
                    viewBox="0 0 16 16"
                    width="16"
                  >
                    <desc>
                      crown
                    </desc>
                    <path
                      d="M2 6l3 2 3-4 3 4 3-2-1 6H3L2 6zm6-5a1 1 0 110 2 1 1 0 010-2zM1 3a1 1 0 110 2 1 1 0 010-2zm14 0a1 1 0 110 2 1 1 0 010-2zM3 13h10v2H3v-2z"
                      fill-rule="evenodd"
                    />
                  </svg>
                </span>
                authSettings.costCalculator.premSupport.title
              </p>
            </div>
            <ul
              class="premLabel"
            >
              <li>
                <p
                  class="StyledProps--font StyledProps--main StyledProps--font-size-xsmall"
                >
                  authSettings.costCalculator.premSupport.line1
                </p>
              </li>
              <li>
                <p
                  class="StyledProps--font StyledProps--main StyledProps--font-size-xsmall"
                >
                  authSettings.costCalculator.premSupport.line2
                </p>
              </li>
              <li>
                <p
                  class="StyledProps--font StyledProps--main StyledProps--font-size-xsmall"
                >
                  authSettings.costCalculator.premSupport.line3
                </p>
              </li>
            </ul>
          </div>
          <p
            class="StyledProps--font StyledProps--main StyledProps--font-size-xsmall"
          >
            authSettings.costCalculator.premSupport.includedByDefault
          </p>
        </div>
      </div>
    </div>
  </div>
</div>
`;
