// Jest Snapshot v1, https://goo.gl/fbAQLP

exports[`Test Azure Infrastructure Spec snapshot Should render edit view for inputset view 1`] = `
<div>
  <div
    class="OverlaySpinner--overlaySpinner"
  >
    <p
      class="StyledProps--font StyledProps--main"
    >
      Errors
    </p>
    <pre>
      {}
    </pre>
    <button
      class="bp3-button Button--button StyledProps--font StyledProps--main StyledProps--intent-primary Button--with-current-color"
      type="button"
    >
      <span
        class="bp3-button-text"
      >
        Submit
      </span>
    </button>
  </div>
</div>
`;

exports[`Test Azure Infrastructure Spec snapshot Should render edit view with empty initial values 1`] = `<div />`;

exports[`Test Azure Infrastructure Spec snapshot Should render edit view with values 1`] = `<div />`;

exports[`Test Azure Infrastructure Spec snapshot Should render variable view 1`] = `<div />`;
